../Core/Src/main.c:77:6:sendChar	24	static
../Core/Src/main.c:85:6:sendString	16	static
../Core/Src/main.c:92:6:readChar	24	static
../Core/Src/main.c:104:6:recebe_da_node_mcu	24	static
../Core/Src/main.c:124:6:envia_para_node_mcu	24	static
../Core/Src/main.c:136:9:readVoltage	8	static
../Core/Src/main.c:171:5:main	56	static
../Core/Src/main.c:295:6:SystemClock_Config	96	static
../Core/Src/main.c:345:13:MX_ADC1_Init	48	static
../Core/Src/main.c:412:13:MX_TIM2_Init	40	static
../Core/Src/main.c:457:13:MX_TIM3_Init	64	static
../Core/Src/main.c:524:13:MX_USART1_UART_Init	8	static
../Core/Src/main.c:559:13:MX_USART2_UART_Init	8	static
../Core/Src/main.c:594:13:MX_GPIO_Init	48	static
../Core/Src/main.c:653:6:StartDefaultTask	16	static
../Core/Src/main.c:672:6:HAL_TIM_PeriodElapsedCallback	16	static
../Core/Src/main.c:697:6:Error_Handler	4	static,ignoring_inline_asm
